2026-09-18 13:54:25 [INFO] Server load: 10% (0 players online, 0 chunks active, 38 total entities loaded, 23 living entities loaded, 15 item entities loaded, 5ms average tick time, 198MB of 981MB memory in use, time of day is 7AM)
2026-09-18 13:55:15 [INFO] Server load: 2% (0 players online, 0 chunks active, 38 total entities loaded, 23 living entities loaded, 15 item entities loaded, 1ms average tick time, 202MB of 981MB memory in use, time of day is 8AM)
2026-09-18 13:56:40 [INFO] Server load: 22% (1 player online, 225 chunks active, 86 total entities loaded, 70 living entities loaded, 15 item entities loaded, 11ms average tick time, 372MB of 981MB memory in use, time of day is 9AM)
2026-09-18 13:57:30 [INFO] Server load: 10% (1 player online, 225 chunks active, 78 total entities loaded, 62 living entities loaded, 15 item entities loaded, 5ms average tick time, 392MB of 981MB memory in use, time of day is 10AM)
2026-09-18 13:58:20 [INFO] Server load: 10% (1 player online, 225 chunks active, 55 total entities loaded, 37 living entities loaded, 17 item entities loaded, 5ms average tick time, 367MB of 975MB memory in use, time of day is 11AM)
2026-09-18 13:59:10 [INFO] Server load: 7% (1 player online, 225 chunks active, 59 total entities loaded, 41 living entities loaded, 17 item entities loaded, 3ms average tick time, 373MB of 1045MB memory in use, time of day is NOON)
2026-09-18 14:00:00 [INFO] Server load: 5% (1 player online, 225 chunks active, 56 total entities loaded, 48 living entities loaded, 7 item entities loaded, 2ms average tick time, 381MB of 925MB memory in use, time of day is 1PM)
2026-09-18 14:00:50 [INFO] Server load: 8% (1 player online, 225 chunks active, 41 total entities loaded, 32 living entities loaded, 8 item entities loaded, 4ms average tick time, 395MB of 1025MB memory in use, time of day is 2PM)
2026-09-18 14:01:40 [INFO] Server load: 7% (1 player online, 225 chunks active, 69 total entities loaded, 59 living entities loaded, 9 item entities loaded, 3ms average tick time, 410MB of 914MB memory in use, time of day is 3PM)
2026-09-18 14:02:30 [INFO] Server load: 5% (1 player online, 225 chunks active, 57 total entities loaded, 47 living entities loaded, 9 item entities loaded, 2ms average tick time, 218MB of 904MB memory in use, time of day is 4PM)
2026-09-18 14:03:20 [INFO] Server load: 6% (1 player online, 225 chunks active, 60 total entities loaded, 50 living entities loaded, 9 item entities loaded, 3ms average tick time, 279MB of 987MB memory in use, time of day is 5PM)
2026-09-18 14:04:10 [INFO] Server load: 5% (1 player online, 225 chunks active, 41 total entities loaded, 31 living entities loaded, 9 item entities loaded, 2ms average tick time, 314MB of 895MB memory in use, time of day is 6PM)
2026-09-18 14:05:00 [INFO] Server load: 7% (1 player online, 225 chunks active, 86 total entities loaded, 78 living entities loaded, 7 item entities loaded, 3ms average tick time, 354MB of 969MB memory in use, time of day is 7PM)
2026-09-18 14:05:50 [INFO] Server load: 8% (1 player online, 225 chunks active, 78 total entities loaded, 71 living entities loaded, 6 item entities loaded, 4ms average tick time, 251MB of 951MB memory in use, time of day is 8PM)
2026-09-18 14:06:40 [INFO] Server load: 4% (1 player online, 225 chunks active, 37 total entities loaded, 28 living entities loaded, 9 item entities loaded, 2ms average tick time, 272MB of 898MB memory in use, time of day is 9PM)
2026-09-18 14:07:30 [INFO] Server load: 4% (1 player online, 225 chunks active, 34 total entities loaded, 23 living entities loaded, 11 item entities loaded, 2ms average tick time, 374MB of 898MB memory in use, time of day is 10PM)
2026-09-18 14:08:20 [INFO] Server load: 5% (1 player online, 225 chunks active, 38 total entities loaded, 28 living entities loaded, 9 item entities loaded, 2ms average tick time, 302MB of 949MB memory in use, time of day is 11PM)
2026-09-18 14:09:10 [INFO] Server load: 3% (1 player online, 225 chunks active, 29 total entities loaded, 19 living entities loaded, 9 item entities loaded, 1ms average tick time, 240MB of 950MB memory in use, time of day is MDNT)
2026-09-18 14:10:00 [INFO] Server load: 1% (0 players online, 0 chunks active, 29 total entities loaded, 20 living entities loaded, 9 item entities loaded, 0ms average tick time, 168MB of 959MB memory in use, time of day is 1AM)
2026-09-18 14:10:50 [INFO] Server load: 3% (0 players online, 0 chunks active, 29 total entities loaded, 20 living entities loaded, 9 item entities loaded, 1ms average tick time, 182MB of 959MB memory in use, time of day is 2AM)
2026-09-18 14:11:40 [INFO] Server load: 1% (0 players online, 0 chunks active, 29 total entities loaded, 20 living entities loaded, 9 item entities loaded, 0ms average tick time, 167MB of 965MB memory in use, time of day is 3AM)
2026-09-18 14:12:30 [INFO] Server load: 1% (0 players online, 0 chunks active, 29 total entities loaded, 20 living entities loaded, 9 item entities loaded, 0ms average tick time, 167MB of 962MB memory in use, time of day is 4AM)
2026-09-18 14:13:20 [INFO] Server load: 1% (0 players online, 0 chunks active, 34 total entities loaded, 26 living entities loaded, 8 item entities loaded, 0ms average tick time, 168MB of 971MB memory in use, time of day is 5AM)
2026-09-18 14:14:27 [INFO] Server load: 5% (1 player online, 225 chunks active, 33 total entities loaded, 26 living entities loaded, 6 item entities loaded, 2ms average tick time, 251MB of 981MB memory in use, time of day is 6AM)
2026-09-18 14:15:17 [INFO] Server load: 5% (1 player online, 225 chunks active, 27 total entities loaded, 22 living entities loaded, 4 item entities loaded, 2ms average tick time, 247MB of 981MB memory in use, time of day is 7AM)
2026-09-18 14:16:07 [INFO] Server load: 7% (1 player online, 225 chunks active, 85 total entities loaded, 81 living entities loaded, 3 item entities loaded, 3ms average tick time, 222MB of 981MB memory in use, time of day is 8AM)
2026-09-18 14:16:57 [INFO] Server load: 5% (1 player online, 225 chunks active, 40 total entities loaded, 36 living entities loaded, 3 item entities loaded, 2ms average tick time, 217MB of 975MB memory in use, time of day is 9AM)
2026-09-18 14:17:47 [INFO] Server load: 5% (1 player online, 225 chunks active, 74 total entities loaded, 70 living entities loaded, 3 item entities loaded, 2ms average tick time, 448MB of 975MB memory in use, time of day is 10AM)
2026-09-18 14:18:37 [INFO] Server load: 5% (1 player online, 225 chunks active, 54 total entities loaded, 50 living entities loaded, 3 item entities loaded, 2ms average tick time, 445MB of 1040MB memory in use, time of day is 11AM)
2026-09-18 14:19:27 [INFO] Server load: 7% (1 player online, 225 chunks active, 66 total entities loaded, 57 living entities loaded, 8 item entities loaded, 3ms average tick time, 220MB of 1018MB memory in use, time of day is NOON)
2026-09-18 14:20:17 [INFO] Server load: 5% (1 player online, 225 chunks active, 57 total entities loaded, 47 living entities loaded, 9 item entities loaded, 2ms average tick time, 233MB of 914MB memory in use, time of day is 1PM)
2026-09-18 14:21:07 [INFO] Server load: 6% (1 player online, 225 chunks active, 95 total entities loaded, 86 living entities loaded, 8 item entities loaded, 3ms average tick time, 271MB of 1000MB memory in use, time of day is 2PM)
2026-09-18 14:21:57 [INFO] Server load: 7% (1 player online, 225 chunks active, 53 total entities loaded, 44 living entities loaded, 8 item entities loaded, 3ms average tick time, 298MB of 904MB memory in use, time of day is 3PM)
2026-09-18 14:22:47 [INFO] Server load: 6% (1 player online, 225 chunks active, 65 total entities loaded, 56 living entities loaded, 8 item entities loaded, 3ms average tick time, 305MB of 980MB memory in use, time of day is 4PM)
2026-09-18 14:23:37 [INFO] Server load: 7% (1 player online, 225 chunks active, 75 total entities loaded, 66 living entities loaded, 8 item entities loaded, 3ms average tick time, 325MB of 896MB memory in use, time of day is 5PM)
2026-09-18 14:24:27 [INFO] Server load: 5% (1 player online, 225 chunks active, 60 total entities loaded, 56 living entities loaded, 3 item entities loaded, 2ms average tick time, 344MB of 962MB memory in use, time of day is 6PM)
2026-09-18 14:25:17 [INFO] Server load: 5% (1 player online, 225 chunks active, 46 total entities loaded, 43 living entities loaded, 2 item entities loaded, 2ms average tick time, 364MB of 887MB memory in use, time of day is 7PM)
2026-09-18 14:26:07 [INFO] Server load: 8% (1 player online, 225 chunks active, 80 total entities loaded, 77 living entities loaded, 2 item entities loaded, 4ms average tick time, 226MB of 953MB memory in use, time of day is 8PM)
2026-09-18 14:26:57 [INFO] Server load: 9% (1 player online, 225 chunks active, 85 total entities loaded, 79 living entities loaded, 5 item entities loaded, 4ms average tick time, 338MB of 957MB memory in use, time of day is 9PM)
2026-09-18 14:27:47 [INFO] Server load: 22% (1 player online, 225 chunks active, 73 total entities loaded, 58 living entities loaded, 14 item entities loaded, 11ms average tick time, 335MB of 956MB memory in use, time of day is 10PM)
2026-09-18 14:28:37 [INFO] Server load: 15% (0 players online, 0 chunks active, 51 total entities loaded, 38 living entities loaded, 13 item entities loaded, 7ms average tick time, 185MB of 966MB memory in use, time of day is 11PM)
2026-09-18 14:29:27 [INFO] Server load: 5% (0 players online, 0 chunks active, 55 total entities loaded, 40 living entities loaded, 15 item entities loaded, 2ms average tick time, 180MB of 963MB memory in use, time of day is MDNT)
2026-09-18 14:30:17 [INFO] Server load: 1% (0 players online, 0 chunks active, 55 total entities loaded, 40 living entities loaded, 15 item entities loaded, 0ms average tick time, 178MB of 970MB memory in use, time of day is 1AM)
2026-09-18 14:31:07 [INFO] Server load: 1% (0 players online, 0 chunks active, 55 total entities loaded, 40 living entities loaded, 15 item entities loaded, 0ms average tick time, 178MB of 969MB memory in use, time of day is 2AM)
2026-09-18 14:31:57 [INFO] Server load: 1% (0 players online, 0 chunks active, 55 total entities loaded, 40 living entities loaded, 15 item entities loaded, 0ms average tick time, 178MB of 972MB memory in use, time of day is 3AM)
2026-09-18 14:32:47 [INFO] Server load: 1% (0 players online, 0 chunks active, 55 total entities loaded, 40 living entities loaded, 15 item entities loaded, 0ms average tick time, 177MB of 971MB memory in use, time of day is 4AM)
2026-09-18 14:33:37 [INFO] Server load: 1% (0 players online, 0 chunks active, 55 total entities loaded, 40 living entities loaded, 15 item entities loaded, 0ms average tick time, 177MB of 976MB memory in use, time of day is 5AM)
2026-09-18 14:34:27 [INFO] Server load: 1% (0 players online, 0 chunks active, 55 total entities loaded, 40 living entities loaded, 15 item entities loaded, 0ms average tick time, 177MB of 974MB memory in use, time of day is 6AM)
2026-09-18 14:35:17 [INFO] Server load: 1% (0 players online, 0 chunks active, 55 total entities loaded, 40 living entities loaded, 15 item entities loaded, 0ms average tick time, 177MB of 980MB memory in use, time of day is 7AM)
2026-09-18 14:36:07 [INFO] Server load: 2% (0 players online, 0 chunks active, 55 total entities loaded, 40 living entities loaded, 15 item entities loaded, 1ms average tick time, 184MB of 978MB memory in use, time of day is 8AM)
2026-09-18 14:36:57 [INFO] Server load: 1% (0 players online, 0 chunks active, 55 total entities loaded, 40 living entities loaded, 15 item entities loaded, 0ms average tick time, 178MB of 985MB memory in use, time of day is 9AM)
2026-09-18 14:37:47 [INFO] Server load: 1% (0 players online, 0 chunks active, 55 total entities loaded, 40 living entities loaded, 15 item entities loaded, 0ms average tick time, 178MB of 983MB memory in use, time of day is 10AM)
2026-09-18 14:38:37 [INFO] Server load: 1% (0 players online, 0 chunks active, 55 total entities loaded, 40 living entities loaded, 15 item entities loaded, 0ms average tick time, 178MB of 989MB memory in use, time of day is 11AM)
2026-09-18 14:39:27 [INFO] Server load: 1% (0 players online, 0 chunks active, 55 total entities loaded, 40 living entities loaded, 15 item entities loaded, 0ms average tick time, 178MB of 987MB memory in use, time of day is NOON)
2026-09-18 14:40:17 [INFO] Server load: 1% (0 players online, 0 chunks active, 55 total entities loaded, 40 living entities loaded, 15 item entities loaded, 0ms average tick time, 178MB of 992MB memory in use, time of day is 1PM)
2026-09-18 14:41:07 [INFO] Server load: 2% (0 players online, 0 chunks active, 55 total entities loaded, 40 living entities loaded, 15 item entities loaded, 1ms average tick time, 178MB of 990MB memory in use, time of day is 2PM)
2026-09-18 14:41:57 [INFO] Server load: 1% (0 players online, 0 chunks active, 55 total entities loaded, 40 living entities loaded, 15 item entities loaded, 0ms average tick time, 178MB of 996MB memory in use, time of day is 3PM)
2026-09-18 14:42:47 [INFO] Server load: 1% (0 players online, 0 chunks active, 55 total entities loaded, 40 living entities loaded, 15 item entities loaded, 0ms average tick time, 178MB of 994MB memory in use, time of day is 4PM)
2026-09-18 14:43:37 [INFO] Server load: 2% (0 players online, 0 chunks active, 55 total entities loaded, 40 living entities loaded, 15 item entities loaded, 1ms average tick time, 185MB of 999MB memory in use, time of day is 5PM)
2026-09-18 14:44:27 [INFO] Server load: 1% (0 players online, 0 chunks active, 55 total entities loaded, 40 living entities loaded, 15 item entities loaded, 0ms average tick time, 178MB of 998MB memory in use, time of day is 6PM)
2026-09-18 14:45:17 [INFO] Server load: 1% (0 players online, 0 chunks active, 55 total entities loaded, 40 living entities loaded, 15 item entities loaded, 0ms average tick time, 178MB of 1002MB memory in use, time of day is 7PM)
2026-09-18 14:46:07 [INFO] Server load: 1% (0 players online, 0 chunks active, 55 total entities loaded, 40 living entities loaded, 15 item entities loaded, 0ms average tick time, 178MB of 1000MB memory in use, time of day is 8PM)
2026-09-18 14:46:57 [INFO] Server load: 2% (0 players online, 0 chunks active, 55 total entities loaded, 40 living entities loaded, 15 item entities loaded, 1ms average tick time, 178MB of 1004MB memory in use, time of day is 9PM)
2026-09-18 14:47:47 [INFO] Server load: 1% (0 players online, 0 chunks active, 55 total entities loaded, 40 living entities loaded, 15 item entities loaded, 0ms average tick time, 178MB of 1003MB memory in use, time of day is 10PM)
2026-09-18 14:48:37 [INFO] Server load: 1% (0 players online, 0 chunks active, 55 total entities loaded, 40 living entities loaded, 15 item entities loaded, 0ms average tick time, 178MB of 1007MB memory in use, time of day is 11PM)
2026-09-18 14:49:27 [INFO] Server load: 1% (0 players online, 0 chunks active, 55 total entities loaded, 40 living entities loaded, 15 item entities loaded, 0ms average tick time, 178MB of 1006MB memory in use, time of day is MDNT)
2026-09-18 14:50:17 [INFO] Server load: 1% (0 players online, 0 chunks active, 55 total entities loaded, 40 living entities loaded, 15 item entities loaded, 0ms average tick time, 178MB of 1009MB memory in use, time of day is 1AM)
2026-09-18 14:51:07 [INFO] Server load: 2% (0 players online, 0 chunks active, 55 total entities loaded, 40 living entities loaded, 15 item entities loaded, 1ms average tick time, 193MB of 1009MB memory in use, time of day is 2AM)
